     1                                  bits 32 ; assembling for the 32 bits architecture
     2                                  
     3                                  ; declare the EntryPoint (a label defining the very first instruction of the program)
     4                                  global start        
     5                                  
     6                                  ; declare external functions needed by our program
     7                                  extern exit               ; tell nasm that exit exists even if we won't be defining it
     8                                  import exit msvcrt.dll    ; exit is a function that ends the calling process. It is defined in msvcrt.dll
     9                                                            ; msvcrt.dll contains exit, printf and all the other important C-runtime specific functions
    10                                  
    11                                  ; our data is declared here (the variables needed by our program)
    12                                  segment data use32 class=data
    13                                  
    14 00000000 03                          a db 3
    15 00000001 04                          b db 4
    16 00000002 0F                          c db 15
    17 00000003 05                          d db 5
    18                                      
    19                                  ; our code starts here
    20                                  segment code use32 class=code
    21                                      start:
    22                                          ; c-(a+d)+(b+d)
    23                                          
    24 00000000 A0[02000000]                    mov AL, [c]
    25                                          
    26 00000005 8A1D[00000000]                  mov BL, [a]
    27 0000000B 021D[03000000]                  add BL, [d]
    28                                          
    29 00000011 8A0D[01000000]                  mov CL, [b]
    30 00000017 020D[03000000]                  add CL, [d]
    31                                          
    32 0000001D 28D8                            sub AL,BL
    33 0000001F 00C8                            add AL,CL
    34                                      
    35                                          ; exit(0)
    36 00000021 6A00                            push    dword 0      ; push the parameter for exit onto the stack
    37 00000023 FF15[00000000]                  call    [exit]       ; call exit to terminate the program
