     1                                  bits 32 ; assembling for the 32 bits architecture
     2                                  
     3                                  ; declare the EntryPoint (a label defining the very first instruction of the program)
     4                                  global start        
     5                                  
     6                                  ; declare external functions needed by our program
     7                                  extern exit               ; tell nasm that exit exists even if we won't be defining it
     8                                  import exit msvcrt.dll    ; exit is a function that ends the calling process. It is defined in msvcrt.dll
     9                                                            ; msvcrt.dll contains exit, printf and all the other important C-runtime specific functions
    10                                  
    11                                  ; our data is declared here (the variables needed by our program)
    12                                  segment data use32 class=data
    13                                      
    14 00000000 0A                          a db 10
    15 00000001 02                          b db 2
    16 00000002 05                          c db 5
    17 00000003 03                          d db 3
    18                                  
    19                                  ; our code starts here
    20                                  segment code use32 class=code
    21                                      start:
    22                                          ; (a+a-c)-(b+b+b+d)
    23                                          
    24 00000000 A0[00000000]                    mov AL, [a]
    25 00000005 0205[00000000]                  add AL, [a]
    26 0000000B 2A05[02000000]                  sub AL, [c]
    27                                          
    28 00000011 8A1D[01000000]                  mov BL, [b]
    29 00000017 021D[01000000]                  add BL, [b]
    30 0000001D 021D[01000000]                  add BL, [b]
    31 00000023 021D[03000000]                  add BL, [d]
    32                                          
    33 00000029 28D8                            sub AL, BL
    34                                          
    35                                      
    36                                          ; exit(0)
    37 0000002B 6A00                            push    dword 0      ; push the parameter for exit onto the stack
    38 0000002D FF15[00000000]                  call    [exit]       ; call exit to terminate the program
