     1                                  bits 32 ; assembling for the 32 bits architecture
     2                                  
     3                                  ; declare the EntryPoint (a label defining the very first instruction of the program)
     4                                  global start        
     5                                  
     6                                  ; declare external functions needed by our program
     7                                  extern exit               ; tell nasm that exit exists even if we won't be defining it
     8                                  import exit msvcrt.dll    ; exit is a function that ends the calling process. It is defined in msvcrt.dll
     9                                                            ; msvcrt.dll contains exit, printf and all the other important C-runtime specific functions
    10                                  
    11                                  ; our data is declared here (the variables needed by our program)
    12                                  segment data use32 class=data
    13                                      
    14 00000000 0300                        a dw 3
    15 00000002 0500                        b dw 5
    16 00000004 0C00                        c dw 12
    17 00000006 0500                        d dw 5
    18                                  
    19                                  ; our code starts here
    20                                  segment code use32 class=code
    21                                      start:
    22                                          ; (c+b)-a-(d+d)
    23                                          
    24 00000000 66A1[04000000]                  mov AX, [c]
    25 00000006 660305[02000000]                add AX, [b]
    26 0000000D 662B05[00000000]                sub AX, [a]
    27                                          
    28 00000014 668B1D[06000000]                mov BX, [d]
    29 0000001B 66031D[06000000]                add BX, [d]
    30                                          
    31 00000022 6629D8                          sub AX, BX
    32                                          
    33                                          
    34                                          
    35                                          ; exit(0)
    36 00000025 6A00                            push    dword 0      ; push the parameter for exit onto the stack
    37 00000027 FF15[00000000]                  call    [exit]       ; call exit to terminate the program
